498
99
322
464
423
177
269
466
549
559
567
46
441
42
48
378
290
272
433
510
209
115
150
241
207
45
6
232
239
67
394
343
336
336
265
307
135
53
393
493
627
50
102
299
379
13
540
217
229
596
577
340
289
458
264
219
92
234
434
71
128
240
36
63
305
473
304
161
77
343
225
617
202
519
536
106
347
603
219
305
56
482
298
234
265
511
392
297
184
659
259
370
608
359
441
543
287
632
139
96
426
214
117
489
82
61
284
272
425
76
257
286
84
8
206
170
181
587
738
198
252
136
346
263