27
8
6
10
46
53
26
47
11
32
17
67
9
33
24
48
40
58
34
1
39
11
55
7
15
20
8
25
51
19
12
21
25
47
38
12