74
8
21
44
9
51
9
45
14
11
70
12
13
75
73
100
15
48
20
78
7
19
91
60
44
2
37
5
16
14
69
40
45
49
28
17
20
37
13
8
35
85
70
39
60
29
16
28
72
16
113
88
16
2
53
22
7
42
29
32
67
3
36
53
72
26
96
48
33
57
17
86
94
24
8
51
7
85
68
49
93
33
35
79
47
44
85
25
51
88
70
47
32
58
12
53
82
23
38
49
26