11
54
17
8
28
86
83
47
13
75
82
72
26
96
35
56
11
8
67
21
42
40
36
30
10
44
80
32
17
22
48
35
48
37
32
72
19
44
24
49
46
80
61
71
25
62
42
89
54
26
72
27
72
74
12
26
71
92
82
31
58
81
79
40
8
58
13
38
25
3
35
29
32
42
73
23
2
37
41
82
24
53
5
55
12
60
58
23
36
39
72
24
29
3
45
60
95
21
85
38
13
35
56
89
53
17
59
43
52
30
87
110
85
35
87
5
19
52
68
73
87
15
27
27
27
104
59
55
54
62
44
31
49
40
11
32
118
67
33
48
5
25
54
50
34
15
9
76
18
37
24
66
45
65
42
43
72
7
37
64
13
88
82
54
99
84
60
68
34
65
60
104
20
120
72
2
48
16
44
53
17
15
50
54
22
31
18